
> apix_interior@0.1.0 build
> prisma generate && next build --webpack

node.exe : warn The 
configuration 
property `package.jso
n#prisma` is 
deprecated and will 
be removed in Prisma 
7. Please migrate to 
a Prisma config file 
(e.g., 
`prisma.config.ts`).
At line:1 char:1
+ & "C:\Program Files
\nodejs/node.exe" "C:
\Users\Liu\AppData\Ro
aming\np ...
+ ~~~~~~~~~~~~~~~~~~~
~~~~~~~~~~~~~~~~~~~~~
~~~~~~~~~~~~~~~~~~~~~
~~~~~~~~
    + CategoryInfo   
           : 
NotSpecified: (w    
arn The 
config...ma.c    
onfig.ts`).:String) 
[    ], 
RemoteException
    + 
FullyQualifiedError  
  Id : 
NativeCommandErr    
or
 
For more 
information, see: htt
ps://pris.ly/prisma-c
onfig

Environment 
variables loaded 
from .env
Prisma schema loaded from prisma\schema.prisma

Ô£ö Generated Prisma Client (v6.19.0) to .\node_modules\@prisma\client in 313ms

Start by importing your Prisma Client (See: https://pris.ly/d/importing-client)

Tip: Interested in query caching in just a few lines of code? Try Accelerate today! https://pris.ly/tip-3-accelerate

[baseline-browser-map
ping] The data in 
this module is over 
two months old.  To 
ensure accurate 
Baseline data, 
please update: `npm 
i baseline-browser-ma
pping@latest -D`
   Ôû▓ Next.js 16.0.10 (webpack)
   - Environments: .env.local, .env
   - Experiments (use with caution):
     ┬À serverActions

 ÔÜá The 
"middleware" file 
convention is 
deprecated. Please 
use "proxy" instead. 
Learn more: https://n
extjs.org/docs/messag
es/middleware-to-prox
y
   Creating an optimized production build ...
[baseline-browser-map
ping] The data in 
this module is over 
two months old.  To 
ensure accurate 
Baseline data, 
please update: `npm 
i baseline-browser-ma
pping@latest -D`
[baseline-browser-map
ping] The data in 
this module is over 
two months old.  To 
ensure accurate 
Baseline data, 
please update: `npm 
i baseline-browser-ma
pping@latest -D`
[baseline-browser-map
ping] The data in 
this module is over 
two months old.  To 
ensure accurate 
Baseline data, 
please update: `npm 
i baseline-browser-ma
pping@latest -D`
 Ô£ô Compiled successfully in 11.8s
   Running TypeScript ...
^C
