
> apix_interior@0.1.0 build
> prisma generate && next build --webpack

node.exe : warn The 
configuration 
property `package.jso
n#prisma` is 
deprecated and will 
be removed in Prisma 
7. Please migrate to 
a Prisma config file 
(e.g., 
`prisma.config.ts`).
At line:1 char:1
+ & "C:\Program Files
\nodejs/node.exe" "C:
\Users\Liu\AppData\Ro
aming\np ...
+ ~~~~~~~~~~~~~~~~~~~
~~~~~~~~~~~~~~~~~~~~~
~~~~~~~~~~~~~~~~~~~~~
~~~~~~~~
    + CategoryInfo   
           : 
NotSpecifi    ed: 
(warn The conf    
ig...ma.config.ts`   
 ).:String) [], Rem  
  oteException
    + 
FullyQualifiedEr    
rorId : NativeComm   
 andError
 
For more 
information, see: htt
ps://pris.ly/prisma-c
onfig

Environment 
variables loaded 
from .env
Prisma schema loaded from prisma\schema.prisma

Ô£ö Generated Prisma Client (v6.19.0) to .\node_modules\@prisma\client in 265ms

Start by importing your Prisma Client (See: https://pris.ly/d/importing-client)

Tip: Need your database queries to be 1000x faster? Accelerate offers you that and more: https://pris.ly/tip-2-accelerate

[baseline-browser-map
ping] The data in 
this module is over 
two months old.  To 
ensure accurate 
Baseline data, 
please update: `npm 
i baseline-browser-ma
pping@latest -D`
   Ôû▓ Next.js 16.0.10 (webpack)
   - Environments: .env.local, .env
   - Experiments (use with caution):
     ┬À serverActions

 ÔÜá The 
"middleware" file 
convention is 
deprecated. Please 
use "proxy" instead. 
Learn more: https://n
extjs.org/docs/messag
es/middleware-to-prox
y
   Creating an optimized production build ...
[baseline-browser-map
ping] The data in 
this module is over 
two months old.  To 
ensure accurate 
Baseline data, 
please update: `npm 
i baseline-browser-ma
pping@latest -D`
[baseline-browser-map
ping] The data in 
this module is over 
two months old.  To 
ensure accurate 
Baseline data, 
please update: `npm 
i baseline-browser-ma
pping@latest -D`
[baseline-browser-map
ping] The data in 
this module is over 
two months old.  To 
ensure accurate 
Baseline data, 
please update: `npm 
i baseline-browser-ma
pping@latest -D`
 Ô£ô Compiled successfully in 8.3s
   Running TypeScript ...
Failed to compile.

./app/admin/admin_das
hboard/admin_produk/t
ambah_produk/page.tsx
:2998:9
Type error: Cannot 
find name 'save'.

[0m [90m 2996 
|[39m [32m         
 optClip: null[39m
 [90m 2997 |[39m 
[32m        };[39m
[31m[1m>[22m[39m
[90m 2998 |[39m 
[32m        
save();[39m
 [90m      |[39m   
      
[31m[1m^[22m[39m
 [90m 2999 |[39m 
[32m        
render();[39m
 [90m 3000 |[39m 
[32m        
console.log("VCombo 
auto-recovered from 
init error.");[39m
 [90m 3001 |[39m 
[32m      } catch 
(err2) {[39m[0m
Next.js build worker 
exited with code: 1 
and signal: null
